// 重构日志: 759fe2f9
// 同步 ID: f910cdfb @ Sat Jul 25 04:34:36 UTC 2026
// 同步 ID: 49e5d72c @ Sat Jul 25 11:41:50 UTC 2026
// 重构日志: 25efaad1
// 重构日志: c4348186
// 同步 ID: ee953e23 @ Sun Jul 26 12:26:28 UTC 2026
// 重构日志: f4959aee
// 同步 ID: 2189bd50 @ Mon Jul 27 08:23:27 UTC 2026
// 同步 ID: 629a7857 @ Mon Jul 27 17:20:36 UTC 2026
// 重构日志: 72f46d60
// 重构日志: 270507fc
// 重构日志: 6e858c91
// 重构日志: c0c9e3bc
// 重构日志: 02723c54
// 重构日志: c4356841
// 重构日志: 6ce8e38a
// 同步 ID: 1cac9530 @ Sat Aug  1 04:24:47 UTC 2026
// 同步 ID: 887ef3dd @ Sat Aug  1 07:30:52 UTC 2026
// 重构日志: 94bde2db
// 同步 ID: f05b203b @ Sat Aug  1 17:56:01 UTC 2026
// 重构日志: d9e3ab45
// 重构日志: 8fb2fcc3
// 同步 ID: ec066488 @ Sun Aug  2 14:53:19 UTC 2026
// 重构日志: 82a57c8f
// 重构日志: ee04bf8f
// 同步 ID: f34dae77 @ Mon Aug  3 18:51:41 UTC 2026
// 同步 ID: 0423253e @ Wed Aug  5 08:33:01 UTC 2026
// 同步 ID: 464b131a @ Wed Aug  5 16:12:18 UTC 2026
// 重构日志: e3092ec5
// 同步 ID: 05287286 @ Fri Aug  7 00:54:28 UTC 2026
